E:\下载\kft-activiti-demo-master\kft-activiti-demo-master\src\main\java\me\kafeitu\demo\activiti\service\activiti\WorkflowProcessDefinitionService.java
E:\下载\kft-activiti-demo-master\kft-activiti-demo-master\src\main\java\me\kafeitu\modules\web\servlet\PropertiesServlet.java
E:\下载\kft-activiti-demo-master\kft-activiti-demo-master\src\main\java\me\kafeitu\demo\activiti\conf\DemoDataInitConfig.java
E:\下载\kft-activiti-demo-master\kft-activiti-demo-master\src\main\java\me\kafeitu\demo\activiti\activiti\listener\GlobalTaskListener.java
E:\下载\kft-activiti-demo-master\kft-activiti-demo-master\src\main\java\me\kafeitu\demo\activiti\util\PageUtil.java
E:\下载\kft-activiti-demo-master\kft-activiti-demo-master\src\main\java\org\activiti\explorer\GenericResponseWrapper.java
E:\下载\kft-activiti-demo-master\kft-activiti-demo-master\src\main\java\me\kafeitu\demo\activiti\web\oa\leave\LeaveController.java
E:\下载\kft-activiti-demo-master\kft-activiti-demo-master\src\main\java\me\kafeitu\demo\activiti\util\cache\DistributedCache.java
E:\下载\kft-activiti-demo-master\kft-activiti-demo-master\src\main\java\me\kafeitu\demo\activiti\service\SetMailInfo.java
E:\下载\kft-activiti-demo-master\kft-activiti-demo-master\src\main\java\me\kafeitu\demo\activiti\service\oa\dispatch\DispatchWorkflowService.java
E:\下载\kft-activiti-demo-master\kft-activiti-demo-master\src\main\java\me\kafeitu\demo\activiti\webservice\LeaveWebService.java
E:\下载\kft-activiti-demo-master\kft-activiti-demo-master\src\main\java\me\kafeitu\demo\activiti\service\oa\leave\LeaveManager.java
E:\下载\kft-activiti-demo-master\kft-activiti-demo-master\src\main\java\me\kafeitu\demo\activiti\util\cache\CacheListener.java
E:\下载\kft-activiti-demo-master\kft-activiti-demo-master\src\main\java\me\kafeitu\demo\activiti\webservice\LeaveWebserviceUtil.java
E:\下载\kft-activiti-demo-master\kft-activiti-demo-master\src\main\java\me\kafeitu\demo\activiti\service\oa\leave\VariableCreateListener.java
E:\下载\kft-activiti-demo-master\kft-activiti-demo-master\src\main\java\me\kafeitu\demo\activiti\dao\LeaveDao.java
E:\下载\kft-activiti-demo-master\kft-activiti-demo-master\src\main\java\me\kafeitu\demo\activiti\web\workflow\ModelController.java
E:\下载\kft-activiti-demo-master\kft-activiti-demo-master\src\main\java\me\kafeitu\modules\test\data\DataFixtures.java
E:\下载\kft-activiti-demo-master\kft-activiti-demo-master\src\main\java\me\kafeitu\demo\activiti\dao\ActivitiDao.java
E:\下载\kft-activiti-demo-master\kft-activiti-demo-master\src\main\java\me\kafeitu\demo\activiti\web\workflow\ProcessInstanceController.java
E:\下载\kft-activiti-demo-master\kft-activiti-demo-master\src\main\java\me\kafeitu\demo\activiti\web\form\dynamic\DynamicFormController.java
E:\下载\kft-activiti-demo-master\kft-activiti-demo-master\src\main\java\me\kafeitu\demo\activiti\service\oa\leave\LeaveWorkflowService.java
E:\下载\kft-activiti-demo-master\kft-activiti-demo-master\src\main\java\me\kafeitu\demo\activiti\service\oa\leave\AfterModifyApplyContentProcessor.java
E:\下载\kft-activiti-demo-master\kft-activiti-demo-master\src\main\java\me\kafeitu\demo\activiti\util\DateConverter.java
E:\下载\kft-activiti-demo-master\kft-activiti-demo-master\src\main\java\me\kafeitu\demo\activiti\activiti\form\UsersFormType.java
E:\下载\kft-activiti-demo-master\kft-activiti-demo-master\src\main\java\me\kafeitu\demo\activiti\util\PropertyFileUtil.java
E:\下载\kft-activiti-demo-master\kft-activiti-demo-master\src\main\java\me\kafeitu\demo\activiti\util\ProcessDefinitionCache.java
E:\下载\kft-activiti-demo-master\kft-activiti-demo-master\src\main\java\me\kafeitu\demo\activiti\service\activiti\WorkflowTraceService.java
E:\下载\kft-activiti-demo-master\kft-activiti-demo-master\src\main\java\me\kafeitu\demo\activiti\entity\oa\LeaveJpaEntity.java
E:\下载\kft-activiti-demo-master\kft-activiti-demo-master\src\main\java\org\activiti\explorer\FilterServletOutputStream.java
E:\下载\kft-activiti-demo-master\kft-activiti-demo-master\src\main\java\me\kafeitu\demo\activiti\util\UserUtil.java
E:\下载\kft-activiti-demo-master\kft-activiti-demo-master\src\main\java\me\kafeitu\demo\activiti\entity\account\Group.java
E:\下载\kft-activiti-demo-master\kft-activiti-demo-master\src\main\java\me\kafeitu\demo\activiti\webservice\LeaveWebServiceImpl.java
E:\下载\kft-activiti-demo-master\kft-activiti-demo-master\src\main\java\me\kafeitu\demo\activiti\web\management\IdentityController.java
E:\下载\kft-activiti-demo-master\kft-activiti-demo-master\src\main\java\me\kafeitu\demo\activiti\util\PropertyType.java
E:\下载\kft-activiti-demo-master\kft-activiti-demo-master\src\main\java\me\kafeitu\demo\activiti\web\management\DatabaseController.java
E:\下载\kft-activiti-demo-master\kft-activiti-demo-master\src\main\java\org\activiti\explorer\DispatcherServletConfiguration.java
E:\下载\kft-activiti-demo-master\kft-activiti-demo-master\src\main\java\me\kafeitu\demo\activiti\service\oa\leave\ReportBackEndProcessor.java
E:\下载\kft-activiti-demo-master\kft-activiti-demo-master\src\main\java\me\kafeitu\demo\activiti\web\MainController.java
E:\下载\kft-activiti-demo-master\kft-activiti-demo-master\src\main\java\me\kafeitu\modules\utils\PropertiesLoader.java
E:\下载\kft-activiti-demo-master\kft-activiti-demo-master\src\main\java\me\kafeitu\demo\activiti\web\LoginController.java
E:\下载\kft-activiti-demo-master\kft-activiti-demo-master\src\main\java\me\kafeitu\demo\activiti\service\oa\leave\LeaveProcessEndListener.java
E:\下载\kft-activiti-demo-master\kft-activiti-demo-master\src\main\java\me\kafeitu\demo\activiti\util\Variable.java
E:\下载\kft-activiti-demo-master\kft-activiti-demo-master\src\main\java\me\kafeitu\demo\activiti\web\form\formkey\FormKeyController.java
E:\下载\kft-activiti-demo-master\kft-activiti-demo-master\src\main\java\me\kafeitu\demo\activiti\cmd\JumpActivityCmd.java
E:\下载\kft-activiti-demo-master\kft-activiti-demo-master\src\main\java\me\kafeitu\demo\activiti\entity\account\User.java
E:\下载\kft-activiti-demo-master\kft-activiti-demo-master\src\main\java\me\kafeitu\demo\activiti\util\WorkflowUtils.java
E:\下载\kft-activiti-demo-master\kft-activiti-demo-master\src\main\java\org\activiti\conf\SecurityConfiguration.java
E:\下载\kft-activiti-demo-master\kft-activiti-demo-master\src\main\java\org\activiti\explorer\JsonpCallbackFilter.java
E:\下载\kft-activiti-demo-master\kft-activiti-demo-master\src\main\java\me\kafeitu\demo\activiti\util\LinkedProperties.java
E:\下载\kft-activiti-demo-master\kft-activiti-demo-master\src\main\java\me\kafeitu\demo\activiti\util\Page.java
E:\下载\kft-activiti-demo-master\kft-activiti-demo-master\src\main\java\me\kafeitu\demo\activiti\service\oa\leave\LeaveEntityManager.java
E:\下载\kft-activiti-demo-master\kft-activiti-demo-master\src\main\java\me\kafeitu\demo\activiti\web\identify\UseController.java
E:\下载\kft-activiti-demo-master\kft-activiti-demo-master\src\main\java\me\kafeitu\demo\activiti\web\management\JobController.java
E:\下载\kft-activiti-demo-master\kft-activiti-demo-master\src\main\java\me\kafeitu\modules\test\spring\SpringTransactionalTestCase.java
E:\下载\kft-activiti-demo-master\kft-activiti-demo-master\src\main\java\me\kafeitu\demo\activiti\activiti\DbInitConfigurator.java
E:\下载\kft-activiti-demo-master\kft-activiti-demo-master\src\main\java\me\kafeitu\demo\activiti\entity\IdEntity.java
E:\下载\kft-activiti-demo-master\kft-activiti-demo-master\src\main\java\me\kafeitu\modules\test\data\DataInitializer.java
E:\下载\kft-activiti-demo-master\kft-activiti-demo-master\src\main\java\me\kafeitu\demo\activiti\web\workflow\ActivitiController.java
E:\下载\kft-activiti-demo-master\kft-activiti-demo-master\src\main\java\me\kafeitu\demo\activiti\web\management\ProcessEngineInfoController.java
E:\下载\kft-activiti-demo-master\kft-activiti-demo-master\src\main\java\me\kafeitu\demo\activiti\entity\oa\Leave.java
